// Jest Snapshot v1, https://goo.gl/fbAQLP

exports[`FooterComponent should create 1`] = `FooterComponentSpec {}`;
